Fichier généré : ./experiments/visorando/pxs15_dice_bs32_lr0005_epch20.yaml
Fichier généré : ./experiments/visorando/pxs25_dice_bs32_lr0005_epch20.yaml
Fichier généré : ./experiments/visorando/pxs15_dice_bs32_lr0005_epch30.yaml
Fichier généré : ./experiments/visorando/pxs25_dice_bs32_lr0005_epch30.yaml
Fichier généré : ./experiments/visorando/pxs15_dice_bs32_lr0005_epch40.yaml
Fichier généré : ./experiments/visorando/pxs25_dice_bs32_lr0005_epch40.yaml
=== Running : python3 tools/train.py --cfg experiments/visorando/pxs15_dice_bs32_lr0005_epch20.yaml ===
Traceback (most recent call last):
  File "/home/bleton/viso_rando/HRNet-Semantic-Segmentation_for_map_generation/tools/train.py", line 34, in <module>
    from core.criterion import Ce_Tl, CrossEntropy, OhemCrossEntropy, DiceLoss, TverskyLoss, FocalTverskyLoss, Di_Tl
  File "/home/bleton/viso_rando/HRNet-Semantic-Segmentation_for_map_generation/tools/../lib/core/criterion.py", line 14, in <module>
    import torchvision.transforms as T
  File "/.conda/envs/bleton-visorando/lib/python3.12/site-packages/torchvision/__init__.py", line 10, in <module>
    from torchvision import _meta_registrations, datasets, io, models, ops, transforms, utils  # usort:skip
    ^^^^^^^^^^^^^^^^^^^^^^^^^^^^^^^^^^^^^^^^^^^^^^^^^^^^^^^^^^^^^^^^^^^^^^^^^^^^^^^^^^^^^^^^^
  File "/.conda/envs/bleton-visorando/lib/python3.12/site-packages/torchvision/models/__init__.py", line 2, in <module>
    from .convnext import *
  File "/.conda/envs/bleton-visorando/lib/python3.12/site-packages/torchvision/models/convnext.py", line 8, in <module>
    from ..ops.misc import Conv2dNormActivation, Permute
  File "/.conda/envs/bleton-visorando/lib/python3.12/site-packages/torchvision/ops/__init__.py", line 23, in <module>
    from .poolers import MultiScaleRoIAlign
  File "/.conda/envs/bleton-visorando/lib/python3.12/site-packages/torchvision/ops/poolers.py", line 10, in <module>
    from .roi_align import roi_align
  File "/.conda/envs/bleton-visorando/lib/python3.12/site-packages/torchvision/ops/roi_align.py", line 7, in <module>
    from torch._dynamo.utils import is_compile_supported
  File "/.conda/envs/bleton-visorando/lib/python3.12/site-packages/torch/_dynamo/__init__.py", line 13, in <module>
    from . import config, convert_frame, eval_frame, resume_execution
  File "/.conda/envs/bleton-visorando/lib/python3.12/site-packages/torch/_dynamo/convert_frame.py", line 52, in <module>
    from torch._dynamo.symbolic_convert import TensorifyState
  File "/.conda/envs/bleton-visorando/lib/python3.12/site-packages/torch/_dynamo/symbolic_convert.py", line 52, in <module>
    from torch._dynamo.exc import TensorifyScalarRestartAnalysis
  File "/.conda/envs/bleton-visorando/lib/python3.12/site-packages/torch/_dynamo/exc.py", line 41, in <module>
    from .utils import counters
  File "/.conda/envs/bleton-visorando/lib/python3.12/site-packages/torch/_dynamo/utils.py", line 69, in <module>
    import torch.fx.experimental.symbolic_shapes
  File "/.conda/envs/bleton-visorando/lib/python3.12/site-packages/torch/fx/experimental/symbolic_shapes.py", line 67, in <module>
    from torch.utils._sympy.functions import (
  File "/.conda/envs/bleton-visorando/lib/python3.12/site-packages/torch/utils/_sympy/functions.py", line 9, in <module>
    import sympy
  File "/.conda/envs/bleton-visorando/lib/python3.12/site-packages/sympy/__init__.py", line 77, in <module>
    from .polys import (Poly, PurePoly, poly_from_expr, parallel_poly_from_expr,
  File "/.conda/envs/bleton-visorando/lib/python3.12/site-packages/sympy/polys/__init__.py", line 68, in <module>
    from .polytools import (Poly, PurePoly, poly_from_expr,
  File "/.conda/envs/bleton-visorando/lib/python3.12/site-packages/sympy/polys/polytools.py", line 29, in <module>
    from sympy.polys.constructor import construct_domain
  File "/.conda/envs/bleton-visorando/lib/python3.12/site-packages/sympy/polys/constructor.py", line 7, in <module>
    from sympy.polys.domains import ZZ, QQ, ZZ_I, QQ_I, EX
  File "/.conda/envs/bleton-visorando/lib/python3.12/site-packages/sympy/polys/domains/__init__.py", line 15, in <module>
    from .algebraicfield import AlgebraicField
  File "/.conda/envs/bleton-visorando/lib/python3.12/site-packages/sympy/polys/domains/algebraicfield.py", line 11, in <module>
    from sympy.polys.polyclasses import ANP
  File "<frozen importlib._bootstrap>", line 1360, in _find_and_load
  File "<frozen importlib._bootstrap>", line 1331, in _find_and_load_unlocked
  File "<frozen importlib._bootstrap>", line 935, in _load_unlocked
  File "<frozen importlib._bootstrap_external>", line 991, in exec_module
  File "<frozen importlib._bootstrap_external>", line 1124, in get_code
  File "<frozen importlib._bootstrap_external>", line 755, in _compile_bytecode
  File "<frozen importlib._bootstrap>", line 491, in _verbose_message
KeyboardInterrupt
=== Running : python3 tools/train.py --cfg experiments/visorando/pxs25_dice_bs32_lr0005_epch20.yaml ===
Traceback (most recent call last):
  File "/home/bleton/viso_rando/HRNet-Semantic-Segmentation_for_map_generation/tools/train.py", line 34, in <module>
    from core.criterion import Ce_Tl, CrossEntropy, OhemCrossEntropy, DiceLoss, TverskyLoss, FocalTverskyLoss, Di_Tl
  File "/home/bleton/viso_rando/HRNet-Semantic-Segmentation_for_map_generation/tools/../lib/core/criterion.py", line 14, in <module>
    import torchvision.transforms as T
  File "/.conda/envs/bleton-visorando/lib/python3.12/site-packages/torchvision/__init__.py", line 10, in <module>
    from torchvision import _meta_registrations, datasets, io, models, ops, transforms, utils  # usort:skip
    ^^^^^^^^^^^^^^^^^^^^^^^^^^^^^^^^^^^^^^^^^^^^^^^^^^^^^^^^^^^^^^^^^^^^^^^^^^^^^^^^^^^^^^^^^
  File "/.conda/envs/bleton-visorando/lib/python3.12/site-packages/torchvision/models/__init__.py", line 2, in <module>
    from .convnext import *
  File "/.conda/envs/bleton-visorando/lib/python3.12/site-packages/torchvision/models/convnext.py", line 8, in <module>
    from ..ops.misc import Conv2dNormActivation, Permute
  File "/.conda/envs/bleton-visorando/lib/python3.12/site-packages/torchvision/ops/__init__.py", line 23, in <module>
    from .poolers import MultiScaleRoIAlign
  File "/.conda/envs/bleton-visorando/lib/python3.12/site-packages/torchvision/ops/poolers.py", line 10, in <module>
    from .roi_align import roi_align
  File "/.conda/envs/bleton-visorando/lib/python3.12/site-packages/torchvision/ops/roi_align.py", line 7, in <module>
    from torch._dynamo.utils import is_compile_supported
  File "/.conda/envs/bleton-visorando/lib/python3.12/site-packages/torch/_dynamo/__init__.py", line 13, in <module>
    from . import config, convert_frame, eval_frame, resume_execution
  File "/.conda/envs/bleton-visorando/lib/python3.12/site-packages/torch/_dynamo/convert_frame.py", line 52, in <module>
    from torch._dynamo.symbolic_convert import TensorifyState
  File "/.conda/envs/bleton-visorando/lib/python3.12/site-packages/torch/_dynamo/symbolic_convert.py", line 52, in <module>
    from torch._dynamo.exc import TensorifyScalarRestartAnalysis
  File "/.conda/envs/bleton-visorando/lib/python3.12/site-packages/torch/_dynamo/exc.py", line 41, in <module>
    from .utils import counters
  File "/.conda/envs/bleton-visorando/lib/python3.12/site-packages/torch/_dynamo/utils.py", line 69, in <module>
    import torch.fx.experimental.symbolic_shapes
  File "/.conda/envs/bleton-visorando/lib/python3.12/site-packages/torch/fx/experimental/symbolic_shapes.py", line 67, in <module>
    from torch.utils._sympy.functions import (
  File "/.conda/envs/bleton-visorando/lib/python3.12/site-packages/torch/utils/_sympy/functions.py", line 9, in <module>
    import sympy
  File "/.conda/envs/bleton-visorando/lib/python3.12/site-packages/sympy/__init__.py", line 23, in <module>
    import mpmath
  File "/.conda/envs/bleton-visorando/lib/python3.12/site-packages/mpmath/__init__.py", line 5, in <module>
    from .ctx_fp import FPContext
  File "/.conda/envs/bleton-visorando/lib/python3.12/site-packages/mpmath/ctx_fp.py", line 1, in <module>
    from .ctx_base import StandardBaseContext
  File "/.conda/envs/bleton-visorando/lib/python3.12/site-packages/mpmath/ctx_base.py", line 10, in <module>
    from .calculus.optimization import OptimizationMethods
  File "/.conda/envs/bleton-visorando/lib/python3.12/site-packages/mpmath/calculus/optimization.py", line 58, in <module>
    class Secant:
KeyboardInterrupt
=== Running : python3 tools/train.py --cfg experiments/visorando/pxs15_dice_bs32_lr0005_epch30.yaml ===
Traceback (most recent call last):
  File "/home/bleton/viso_rando/HRNet-Semantic-Segmentation_for_map_generation/tools/train.py", line 23, in <module>
    import torch
  File "/.conda/envs/bleton-visorando/lib/python3.12/site-packages/torch/__init__.py", line 409, in <module>
    from torch._C import *  # noqa: F403
    ^^^^^^^^^^^^^^^^^^^^^^
  File "<frozen importlib._bootstrap>", line 463, in _lock_unlock_module
KeyboardInterrupt
=== Running : python3 tools/train.py --cfg experiments/visorando/pxs25_dice_bs32_lr0005_epch30.yaml ===
Seeding with 304
=> creating output/visorando/Visorando/pxs25_dice_bs32_lr0005_epch30
=> creating log/Visorando/seg_hrnet/pxs25_dice_bs32_lr0005_epch30_2025-06-19-09-25
Namespace(cfg='experiments/visorando/pxs25_dice_bs32_lr0005_epch30.yaml', seed=304, local_rank=-1, opts=[], comp=False)
AUTO_RESUME: False
CUDNN:
  BENCHMARK: True
  DETERMINISTIC: False
  ENABLED: True
DATASET:
  AUTO_STATS: False
  AUTO_WEIGHT: False
  BASE_SIZE: 320
  CROP_SIZE: [320, 320]
  DATASET: Visorando
  DOWNSAMPLE_RATE: 1
  EXTRA_TRAIN_SET: 
  FLIP: True
  IGNORE_LABEL: -1
  MEAN: [0.5, 0.5, 0.5]
  MULTI_SCALE: True
  NUM_CLASSES: 2
  NUM_SAMPLES: None
  ROOT: data/
  SCALE_FACTOR: 16
  STD: [0.5, 0.5, 0.5]
  TEST_SET: list/visorando25/val.lst
  TRAIN_SET: list/visorando25/train.lst
DATA_NAME: 
DEBUG:
  DEBUG: False
  SAVE_BATCH_IMAGES_GT: False
  SAVE_BATCH_IMAGES_PRED: False
  SAVE_HEATMAPS_GT: False
  SAVE_HEATMAPS_PRED: False
GPUS: (0,)
IN_DATA: 
LOG_DIR: log
LOG_FILE_NAME: 
LOSS:
  ALPHA: 0.5
  BALANCE_WEIGHTS: [1]
  BETA: 0.5
  GAMMA: 0.5
  LBD: 0.002
  TYPE: dice
MODEL:
  ALIGN_CORNERS: True
  EXTRA:
    FINAL_CONV_KERNEL: 1
    STAGE1:
      BLOCK: BOTTLENECK
      FUSE_METHOD: SUM
      NUM_BLOCKS: [4]
      NUM_BRANCHES: 1
      NUM_CHANNELS: [64]
      NUM_MODULES: 1
    STAGE2:
      BLOCK: BASIC
      FUSE_METHOD: SUM
      NUM_BLOCKS: [4, 4]
      NUM_BRANCHES: 2
      NUM_CHANNELS: [48, 96]
      NUM_MODULES: 1
    STAGE3:
      BLOCK: BASIC
      FUSE_METHOD: SUM
      NUM_BLOCKS: [4, 4, 4]
      NUM_BRANCHES: 3
      NUM_CHANNELS: [48, 96, 192]
      NUM_MODULES: 4
    STAGE4:
      BLOCK: BASIC
      FUSE_METHOD: SUM
      NUM_BLOCKS: [4, 4, 4, 4]
      NUM_BRANCHES: 4
      NUM_CHANNELS: [48, 96, 192, 384]
      NUM_MODULES: 3
  NAME: seg_hrnet
  NUM_OUTPUTS: 1
  OCR:
    DROPOUT: 0.05
    KEY_CHANNELS: 256
    MID_CHANNELS: 512
    SCALE: 1
  PRETRAINED: 
MODEL_CONFIG: 
MODEL_STATES: []
OUTPUT_DIR: output/visorando
OUT_DATA: 
PIN_MEMORY: True
PRINT_FREQ: 10
RANK: 0
TEST:
  BASE_SIZE: 320
  BATCH_SIZE_PER_GPU: 32
  FLIP_TEST: True
  IMAGE_SIZE: [320, 320]
  MODEL_FILE: 
  MULTI_SCALE: True
  NUM_SAMPLES: None
  OUTPUT_INDEX: -1
  SCALE_LIST: [1]
TRAIN:
  BASE_SIZE: 320
  BATCH_SIZE_PER_GPU: 32
  BEGIN_EPOCH: 0
  DOWNSAMPLERATE: 1
  END_EPOCH: 30
  EXTRA_EPOCH: 0
  EXTRA_LR: 0.001
  FLIP: True
  FREEZE_EPOCHS: -1
  FREEZE_LAYERS: 
  IGNORE_LABEL: -1
  IMAGE_SIZE: [320, 320]
  LR: 0.0005
  LR_FACTOR: 0.1
  LR_STEP: [90, 110]
  MOMENTUM: 0.9
  MULTI_SCALE: True
  NESTEROV: False
  NONBACKBONE_KEYWORDS: []
  NONBACKBONE_MULT: 10
  NUM_SAMPLES: 0
  OPTIMIZER: sgd
  RANDOM_BRIGHTNESS: False
  RANDOM_BRIGHTNESS_SHIFT_VALUE: 10
  RESUME: output/visorando/Visorando/pxs25_dice_bs32_lr0005_epch20/
  SCALE_FACTOR: 16
  SHUFFLE: True
  WD: 0.0005
WORKERS: 8

 extra :  FINAL_CONV_KERNEL: 1
STAGE1:
  BLOCK: BOTTLENECK
  FUSE_METHOD: SUM
  NUM_BLOCKS: [4]
  NUM_BRANCHES: 1
  NUM_CHANNELS: [64]
  NUM_MODULES: 1
STAGE2:
  BLOCK: BASIC
  FUSE_METHOD: SUM
  NUM_BLOCKS: [4, 4]
  NUM_BRANCHES: 2
  NUM_CHANNELS: [48, 96]
  NUM_MODULES: 1
STAGE3:
  BLOCK: BASIC
  FUSE_METHOD: SUM
  NUM_BLOCKS: [4, 4, 4]
  NUM_BRANCHES: 3
  NUM_CHANNELS: [48, 96, 192]
  NUM_MODULES: 4
STAGE4:
  BLOCK: BASIC
  FUSE_METHOD: SUM
  NUM_BLOCKS: [4, 4, 4, 4]
  NUM_BRANCHES: 4
  NUM_CHANNELS: [48, 96, 192, 384]
  NUM_MODULES: 3
=> init weights from normal distribution
Traceback (most recent call last):
  File "/home/bleton/viso_rando/HRNet-Semantic-Segmentation_for_map_generation/tools/train.py", line 418, in <module>
    main()
  File "/home/bleton/viso_rando/HRNet-Semantic-Segmentation_for_map_generation/tools/train.py", line 381, in main
    train(config, epoch, config.TRAIN.END_EPOCH,
  File "/home/bleton/viso_rando/HRNet-Semantic-Segmentation_for_map_generation/tools/../lib/core/function.py", line 68, in train
    losses, pred = model(images, labels)  # pred = logits [B, C, H, W]
                   ^^^^^^^^^^^^^^^^^^^^^
  File "/.conda/envs/bleton-visorando/lib/python3.12/site-packages/torch/nn/modules/module.py", line 1751, in _wrapped_call_impl
    return self._call_impl(*args, **kwargs)
           ^^^^^^^^^^^^^^^^^^^^^^^^^^^^^^^^
  File "/.conda/envs/bleton-visorando/lib/python3.12/site-packages/torch/nn/modules/module.py", line 1762, in _call_impl
    return forward_call(*args, **kwargs)
           ^^^^^^^^^^^^^^^^^^^^^^^^^^^^^
  File "/.conda/envs/bleton-visorando/lib/python3.12/site-packages/torch/nn/parallel/data_parallel.py", line 192, in forward
    return self.module(*inputs[0], **module_kwargs[0])
           ^^^^^^^^^^^^^^^^^^^^^^^^^^^^^^^^^^^^^^^^^^^
  File "/.conda/envs/bleton-visorando/lib/python3.12/site-packages/torch/nn/modules/module.py", line 1751, in _wrapped_call_impl
    return self._call_impl(*args, **kwargs)
           ^^^^^^^^^^^^^^^^^^^^^^^^^^^^^^^^
  File "/.conda/envs/bleton-visorando/lib/python3.12/site-packages/torch/nn/modules/module.py", line 1762, in _call_impl
    return forward_call(*args, **kwargs)
           ^^^^^^^^^^^^^^^^^^^^^^^^^^^^^
  File "/home/bleton/viso_rando/HRNet-Semantic-Segmentation_for_map_generation/tools/../lib/utils/utils.py", line 34, in forward
    outputs = self.model(inputs, *args, **kwargs)
              ^^^^^^^^^^^^^^^^^^^^^^^^^^^^^^^^^^^
  File "/.conda/envs/bleton-visorando/lib/python3.12/site-packages/torch/nn/modules/module.py", line 1751, in _wrapped_call_impl
    return self._call_impl(*args, **kwargs)
           ^^^^^^^^^^^^^^^^^^^^^^^^^^^^^^^^
  File "/.conda/envs/bleton-visorando/lib/python3.12/site-packages/torch/nn/modules/module.py", line 1762, in _call_impl
    return forward_call(*args, **kwargs)
           ^^^^^^^^^^^^^^^^^^^^^^^^^^^^^
  File "/home/bleton/viso_rando/HRNet-Semantic-Segmentation_for_map_generation/tools/../lib/models/seg_hrnet.py", line 443, in forward
    y_list = self.stage3(x_list)
             ^^^^^^^^^^^^^^^^^^^
  File "/.conda/envs/bleton-visorando/lib/python3.12/site-packages/torch/nn/modules/module.py", line 1751, in _wrapped_call_impl
    return self._call_impl(*args, **kwargs)
           ^^^^^^^^^^^^^^^^^^^^^^^^^^^^^^^^
  File "/.conda/envs/bleton-visorando/lib/python3.12/site-packages/torch/nn/modules/module.py", line 1762, in _call_impl
    return forward_call(*args, **kwargs)
           ^^^^^^^^^^^^^^^^^^^^^^^^^^^^^
  File "/.conda/envs/bleton-visorando/lib/python3.12/site-packages/torch/nn/modules/container.py", line 240, in forward
    input = module(input)
            ^^^^^^^^^^^^^
  File "/.conda/envs/bleton-visorando/lib/python3.12/site-packages/torch/nn/modules/module.py", line 1751, in _wrapped_call_impl
    return self._call_impl(*args, **kwargs)
           ^^^^^^^^^^^^^^^^^^^^^^^^^^^^^^^^
  File "/.conda/envs/bleton-visorando/lib/python3.12/site-packages/torch/nn/modules/module.py", line 1762, in _call_impl
    return forward_call(*args, **kwargs)
           ^^^^^^^^^^^^^^^^^^^^^^^^^^^^^
  File "/home/bleton/viso_rando/HRNet-Semantic-Segmentation_for_map_generation/tools/../lib/models/seg_hrnet.py", line 233, in forward
    x[i] = self.branches[i](x[i])
           ^^^^^^^^^^^^^^^^^^^^^^
  File "/.conda/envs/bleton-visorando/lib/python3.12/site-packages/torch/nn/modules/module.py", line 1751, in _wrapped_call_impl
    return self._call_impl(*args, **kwargs)
           ^^^^^^^^^^^^^^^^^^^^^^^^^^^^^^^^
  File "/.conda/envs/bleton-visorando/lib/python3.12/site-packages/torch/nn/modules/module.py", line 1762, in _call_impl
    return forward_call(*args, **kwargs)
           ^^^^^^^^^^^^^^^^^^^^^^^^^^^^^
  File "/.conda/envs/bleton-visorando/lib/python3.12/site-packages/torch/nn/modules/container.py", line 240, in forward
    input = module(input)
            ^^^^^^^^^^^^^
  File "/.conda/envs/bleton-visorando/lib/python3.12/site-packages/torch/nn/modules/module.py", line 1751, in _wrapped_call_impl
    return self._call_impl(*args, **kwargs)
           ^^^^^^^^^^^^^^^^^^^^^^^^^^^^^^^^
  File "/.conda/envs/bleton-visorando/lib/python3.12/site-packages/torch/nn/modules/module.py", line 1762, in _call_impl
    return forward_call(*args, **kwargs)
           ^^^^^^^^^^^^^^^^^^^^^^^^^^^^^
  File "/home/bleton/viso_rando/HRNet-Semantic-Segmentation_for_map_generation/tools/../lib/models/seg_hrnet.py", line 61, in forward
    out = out + residual
          ~~~~^~~~~~~~~~
torch.OutOfMemoryError: CUDA out of memory. Tried to allocate 38.00 MiB. GPU 0 has a total capacity of 23.86 GiB of which 5.50 MiB is free. Process 2927 has 16.38 GiB memory in use. Including non-PyTorch memory, this process has 7.46 GiB memory in use. Of the allocated memory 7.22 GiB is allocated by PyTorch, and 84.51 MiB is reserved by PyTorch but unallocated. If reserved but unallocated memory is large try setting PYTORCH_CUDA_ALLOC_CONF=expandable_segments:True to avoid fragmentation.  See documentation for Memory Management  (https://pytorch.org/docs/stable/notes/cuda.html#environment-variables)
Exception ignored in atexit callback: <function FileWriter.__init__.<locals>.cleanup at 0x7509ed9bca40>
Traceback (most recent call last):
  File "/.conda/envs/bleton-visorando/lib/python3.12/site-packages/tensorboardX/writer.py", line 108, in cleanup
    self.event_writer.close()
  File "/.conda/envs/bleton-visorando/lib/python3.12/site-packages/tensorboardX/event_file_writer.py", line 157, in close
    self._worker.stop()
  File "/.conda/envs/bleton-visorando/lib/python3.12/site-packages/tensorboardX/event_file_writer.py", line 188, in stop
    self._queue.put(self._shutdown_signal)
  File "/.conda/envs/bleton-visorando/lib/python3.12/multiprocessing/queues.py", line 94, in put
    self._start_thread()
  File "/.conda/envs/bleton-visorando/lib/python3.12/multiprocessing/queues.py", line 192, in _start_thread
    self._thread.start()
  File "/.conda/envs/bleton-visorando/lib/python3.12/threading.py", line 992, in start
    _start_new_thread(self._bootstrap, ())
RuntimeError: can't create new thread at interpreter shutdown
=== Running : python3 tools/train.py --cfg experiments/visorando/pxs15_dice_bs32_lr0005_epch40.yaml ===
Seeding with 304
=> creating output/visorando/Visorando/pxs15_dice_bs32_lr0005_epch40
=> creating log/Visorando/seg_hrnet/pxs15_dice_bs32_lr0005_epch40_2025-06-19-09-25
Namespace(cfg='experiments/visorando/pxs15_dice_bs32_lr0005_epch40.yaml', seed=304, local_rank=-1, opts=[], comp=False)
AUTO_RESUME: False
CUDNN:
  BENCHMARK: True
  DETERMINISTIC: False
  ENABLED: True
DATASET:
  AUTO_STATS: False
  AUTO_WEIGHT: False
  BASE_SIZE: 320
  CROP_SIZE: [320, 320]
  DATASET: Visorando
  DOWNSAMPLE_RATE: 1
  EXTRA_TRAIN_SET: 
  FLIP: True
  IGNORE_LABEL: -1
  MEAN: [0.5, 0.5, 0.5]
  MULTI_SCALE: True
  NUM_CLASSES: 2
  NUM_SAMPLES: None
  ROOT: data/
  SCALE_FACTOR: 16
  STD: [0.5, 0.5, 0.5]
  TEST_SET: list/visorando15/val.lst
  TRAIN_SET: list/visorando15/train.lst
DATA_NAME: 
DEBUG:
  DEBUG: False
  SAVE_BATCH_IMAGES_GT: False
  SAVE_BATCH_IMAGES_PRED: False
  SAVE_HEATMAPS_GT: False
  SAVE_HEATMAPS_PRED: False
GPUS: (0,)
IN_DATA: 
LOG_DIR: log
LOG_FILE_NAME: 
LOSS:
  ALPHA: 0.5
  BALANCE_WEIGHTS: [1]
  BETA: 0.5
  GAMMA: 0.5
  LBD: 0.002
  TYPE: dice
MODEL:
  ALIGN_CORNERS: True
  EXTRA:
    FINAL_CONV_KERNEL: 1
    STAGE1:
      BLOCK: BOTTLENECK
      FUSE_METHOD: SUM
      NUM_BLOCKS: [4]
      NUM_BRANCHES: 1
      NUM_CHANNELS: [64]
      NUM_MODULES: 1
    STAGE2:
      BLOCK: BASIC
      FUSE_METHOD: SUM
      NUM_BLOCKS: [4, 4]
      NUM_BRANCHES: 2
      NUM_CHANNELS: [48, 96]
      NUM_MODULES: 1
    STAGE3:
      BLOCK: BASIC
      FUSE_METHOD: SUM
      NUM_BLOCKS: [4, 4, 4]
      NUM_BRANCHES: 3
      NUM_CHANNELS: [48, 96, 192]
      NUM_MODULES: 4
    STAGE4:
      BLOCK: BASIC
      FUSE_METHOD: SUM
      NUM_BLOCKS: [4, 4, 4, 4]
      NUM_BRANCHES: 4
      NUM_CHANNELS: [48, 96, 192, 384]
      NUM_MODULES: 3
  NAME: seg_hrnet
  NUM_OUTPUTS: 1
  OCR:
    DROPOUT: 0.05
    KEY_CHANNELS: 256
    MID_CHANNELS: 512
    SCALE: 1
  PRETRAINED: 
MODEL_CONFIG: 
MODEL_STATES: []
OUTPUT_DIR: output/visorando
OUT_DATA: 
PIN_MEMORY: True
PRINT_FREQ: 10
RANK: 0
TEST:
  BASE_SIZE: 320
  BATCH_SIZE_PER_GPU: 32
  FLIP_TEST: True
  IMAGE_SIZE: [320, 320]
  MODEL_FILE: 
  MULTI_SCALE: True
  NUM_SAMPLES: None
  OUTPUT_INDEX: -1
  SCALE_LIST: [1]
TRAIN:
  BASE_SIZE: 320
  BATCH_SIZE_PER_GPU: 32
  BEGIN_EPOCH: 0
  DOWNSAMPLERATE: 1
  END_EPOCH: 40
  EXTRA_EPOCH: 0
  EXTRA_LR: 0.001
  FLIP: True
  FREEZE_EPOCHS: -1
  FREEZE_LAYERS: 
  IGNORE_LABEL: -1
  IMAGE_SIZE: [320, 320]
  LR: 0.0005
  LR_FACTOR: 0.1
  LR_STEP: [90, 110]
  MOMENTUM: 0.9
  MULTI_SCALE: True
  NESTEROV: False
  NONBACKBONE_KEYWORDS: []
  NONBACKBONE_MULT: 10
  NUM_SAMPLES: 0
  OPTIMIZER: sgd
  RANDOM_BRIGHTNESS: False
  RANDOM_BRIGHTNESS_SHIFT_VALUE: 10
  RESUME: output/visorando/Visorando/pxs15_dice_bs32_lr0005_epch30/
  SCALE_FACTOR: 16
  SHUFFLE: True
  WD: 0.0005
WORKERS: 8

 extra :  FINAL_CONV_KERNEL: 1
STAGE1:
  BLOCK: BOTTLENECK
  FUSE_METHOD: SUM
  NUM_BLOCKS: [4]
  NUM_BRANCHES: 1
  NUM_CHANNELS: [64]
  NUM_MODULES: 1
STAGE2:
  BLOCK: BASIC
  FUSE_METHOD: SUM
  NUM_BLOCKS: [4, 4]
  NUM_BRANCHES: 2
  NUM_CHANNELS: [48, 96]
  NUM_MODULES: 1
STAGE3:
  BLOCK: BASIC
  FUSE_METHOD: SUM
  NUM_BLOCKS: [4, 4, 4]
  NUM_BRANCHES: 3
  NUM_CHANNELS: [48, 96, 192]
  NUM_MODULES: 4
STAGE4:
  BLOCK: BASIC
  FUSE_METHOD: SUM
  NUM_BLOCKS: [4, 4, 4, 4]
  NUM_BRANCHES: 4
  NUM_CHANNELS: [48, 96, 192, 384]
  NUM_MODULES: 3
=> init weights from normal distribution
->Resumed corretly
=> loaded checkpoint (epoch 5)
Traceback (most recent call last):
  File "/home/bleton/viso_rando/HRNet-Semantic-Segmentation_for_map_generation/tools/train.py", line 418, in <module>
    main()
  File "/home/bleton/viso_rando/HRNet-Semantic-Segmentation_for_map_generation/tools/train.py", line 381, in main
    train(config, epoch, config.TRAIN.END_EPOCH,
  File "/home/bleton/viso_rando/HRNet-Semantic-Segmentation_for_map_generation/tools/../lib/core/function.py", line 68, in train
    losses, pred = model(images, labels)  # pred = logits [B, C, H, W]
                   ^^^^^^^^^^^^^^^^^^^^^
  File "/.conda/envs/bleton-visorando/lib/python3.12/site-packages/torch/nn/modules/module.py", line 1751, in _wrapped_call_impl
    return self._call_impl(*args, **kwargs)
           ^^^^^^^^^^^^^^^^^^^^^^^^^^^^^^^^
  File "/.conda/envs/bleton-visorando/lib/python3.12/site-packages/torch/nn/modules/module.py", line 1762, in _call_impl
    return forward_call(*args, **kwargs)
           ^^^^^^^^^^^^^^^^^^^^^^^^^^^^^
  File "/.conda/envs/bleton-visorando/lib/python3.12/site-packages/torch/nn/parallel/data_parallel.py", line 192, in forward
    return self.module(*inputs[0], **module_kwargs[0])
           ^^^^^^^^^^^^^^^^^^^^^^^^^^^^^^^^^^^^^^^^^^^
  File "/.conda/envs/bleton-visorando/lib/python3.12/site-packages/torch/nn/modules/module.py", line 1751, in _wrapped_call_impl
    return self._call_impl(*args, **kwargs)
           ^^^^^^^^^^^^^^^^^^^^^^^^^^^^^^^^
  File "/.conda/envs/bleton-visorando/lib/python3.12/site-packages/torch/nn/modules/module.py", line 1762, in _call_impl
    return forward_call(*args, **kwargs)
           ^^^^^^^^^^^^^^^^^^^^^^^^^^^^^
  File "/home/bleton/viso_rando/HRNet-Semantic-Segmentation_for_map_generation/tools/../lib/utils/utils.py", line 34, in forward
    outputs = self.model(inputs, *args, **kwargs)
              ^^^^^^^^^^^^^^^^^^^^^^^^^^^^^^^^^^^
  File "/.conda/envs/bleton-visorando/lib/python3.12/site-packages/torch/nn/modules/module.py", line 1751, in _wrapped_call_impl
    return self._call_impl(*args, **kwargs)
           ^^^^^^^^^^^^^^^^^^^^^^^^^^^^^^^^
  File "/.conda/envs/bleton-visorando/lib/python3.12/site-packages/torch/nn/modules/module.py", line 1762, in _call_impl
    return forward_call(*args, **kwargs)
           ^^^^^^^^^^^^^^^^^^^^^^^^^^^^^
  File "/home/bleton/viso_rando/HRNet-Semantic-Segmentation_for_map_generation/tools/../lib/models/seg_hrnet.py", line 454, in forward
    x = self.stage4(x_list)
        ^^^^^^^^^^^^^^^^^^^
  File "/.conda/envs/bleton-visorando/lib/python3.12/site-packages/torch/nn/modules/module.py", line 1751, in _wrapped_call_impl
    return self._call_impl(*args, **kwargs)
           ^^^^^^^^^^^^^^^^^^^^^^^^^^^^^^^^
  File "/.conda/envs/bleton-visorando/lib/python3.12/site-packages/torch/nn/modules/module.py", line 1762, in _call_impl
    return forward_call(*args, **kwargs)
           ^^^^^^^^^^^^^^^^^^^^^^^^^^^^^
  File "/.conda/envs/bleton-visorando/lib/python3.12/site-packages/torch/nn/modules/container.py", line 240, in forward
    input = module(input)
            ^^^^^^^^^^^^^
  File "/.conda/envs/bleton-visorando/lib/python3.12/site-packages/torch/nn/modules/module.py", line 1751, in _wrapped_call_impl
    return self._call_impl(*args, **kwargs)
           ^^^^^^^^^^^^^^^^^^^^^^^^^^^^^^^^
  File "/.conda/envs/bleton-visorando/lib/python3.12/site-packages/torch/nn/modules/module.py", line 1762, in _call_impl
    return forward_call(*args, **kwargs)
           ^^^^^^^^^^^^^^^^^^^^^^^^^^^^^
  File "/home/bleton/viso_rando/HRNet-Semantic-Segmentation_for_map_generation/tools/../lib/models/seg_hrnet.py", line 233, in forward
    x[i] = self.branches[i](x[i])
           ^^^^^^^^^^^^^^^^^^^^^^
  File "/.conda/envs/bleton-visorando/lib/python3.12/site-packages/torch/nn/modules/module.py", line 1751, in _wrapped_call_impl
    return self._call_impl(*args, **kwargs)
           ^^^^^^^^^^^^^^^^^^^^^^^^^^^^^^^^
  File "/.conda/envs/bleton-visorando/lib/python3.12/site-packages/torch/nn/modules/module.py", line 1762, in _call_impl
    return forward_call(*args, **kwargs)
           ^^^^^^^^^^^^^^^^^^^^^^^^^^^^^
  File "/.conda/envs/bleton-visorando/lib/python3.12/site-packages/torch/nn/modules/container.py", line 240, in forward
    input = module(input)
            ^^^^^^^^^^^^^
  File "/.conda/envs/bleton-visorando/lib/python3.12/site-packages/torch/nn/modules/module.py", line 1751, in _wrapped_call_impl
    return self._call_impl(*args, **kwargs)
           ^^^^^^^^^^^^^^^^^^^^^^^^^^^^^^^^
  File "/.conda/envs/bleton-visorando/lib/python3.12/site-packages/torch/nn/modules/module.py", line 1762, in _call_impl
    return forward_call(*args, **kwargs)
           ^^^^^^^^^^^^^^^^^^^^^^^^^^^^^
  File "/home/bleton/viso_rando/HRNet-Semantic-Segmentation_for_map_generation/tools/../lib/models/seg_hrnet.py", line 56, in forward
    out = self.bn2(out)
          ^^^^^^^^^^^^^
  File "/.conda/envs/bleton-visorando/lib/python3.12/site-packages/torch/nn/modules/module.py", line 1751, in _wrapped_call_impl
    return self._call_impl(*args, **kwargs)
           ^^^^^^^^^^^^^^^^^^^^^^^^^^^^^^^^
  File "/.conda/envs/bleton-visorando/lib/python3.12/site-packages/torch/nn/modules/module.py", line 1762, in _call_impl
    return forward_call(*args, **kwargs)
           ^^^^^^^^^^^^^^^^^^^^^^^^^^^^^
  File "/.conda/envs/bleton-visorando/lib/python3.12/site-packages/torch/nn/modules/batchnorm.py", line 799, in forward
    return F.batch_norm(
           ^^^^^^^^^^^^^
  File "/.conda/envs/bleton-visorando/lib/python3.12/site-packages/torch/nn/functional.py", line 2822, in batch_norm
    return torch.batch_norm(
           ^^^^^^^^^^^^^^^^^
torch.OutOfMemoryError: CUDA out of memory. Tried to allocate 20.00 MiB. GPU 0 has a total capacity of 23.86 GiB of which 15.50 MiB is free. Process 2927 has 11.76 GiB memory in use. Including non-PyTorch memory, this process has 12.08 GiB memory in use. Of the allocated memory 11.73 GiB is allocated by PyTorch, and 192.55 MiB is reserved by PyTorch but unallocated. If reserved but unallocated memory is large try setting PYTORCH_CUDA_ALLOC_CONF=expandable_segments:True to avoid fragmentation.  See documentation for Memory Management  (https://pytorch.org/docs/stable/notes/cuda.html#environment-variables)
Exception ignored in atexit callback: <function FileWriter.__init__.<locals>.cleanup at 0x75d4a39b8a40>
Traceback (most recent call last):
  File "/.conda/envs/bleton-visorando/lib/python3.12/site-packages/tensorboardX/writer.py", line 108, in cleanup
    self.event_writer.close()
  File "/.conda/envs/bleton-visorando/lib/python3.12/site-packages/tensorboardX/event_file_writer.py", line 157, in close
    self._worker.stop()
  File "/.conda/envs/bleton-visorando/lib/python3.12/site-packages/tensorboardX/event_file_writer.py", line 188, in stop
    self._queue.put(self._shutdown_signal)
  File "/.conda/envs/bleton-visorando/lib/python3.12/multiprocessing/queues.py", line 94, in put
    self._start_thread()
  File "/.conda/envs/bleton-visorando/lib/python3.12/multiprocessing/queues.py", line 192, in _start_thread
    self._thread.start()
  File "/.conda/envs/bleton-visorando/lib/python3.12/threading.py", line 992, in start
    _start_new_thread(self._bootstrap, ())
RuntimeError: can't create new thread at interpreter shutdown
=== Running : python3 tools/train.py --cfg experiments/visorando/pxs25_dice_bs32_lr0005_epch40.yaml ===
Seeding with 304
=> creating output/visorando/Visorando/pxs25_dice_bs32_lr0005_epch40
=> creating log/Visorando/seg_hrnet/pxs25_dice_bs32_lr0005_epch40_2025-06-19-09-26
Namespace(cfg='experiments/visorando/pxs25_dice_bs32_lr0005_epch40.yaml', seed=304, local_rank=-1, opts=[], comp=False)
AUTO_RESUME: False
CUDNN:
  BENCHMARK: True
  DETERMINISTIC: False
  ENABLED: True
DATASET:
  AUTO_STATS: False
  AUTO_WEIGHT: False
  BASE_SIZE: 320
  CROP_SIZE: [320, 320]
  DATASET: Visorando
  DOWNSAMPLE_RATE: 1
  EXTRA_TRAIN_SET: 
  FLIP: True
  IGNORE_LABEL: -1
  MEAN: [0.5, 0.5, 0.5]
  MULTI_SCALE: True
  NUM_CLASSES: 2
  NUM_SAMPLES: None
  ROOT: data/
  SCALE_FACTOR: 16
  STD: [0.5, 0.5, 0.5]
  TEST_SET: list/visorando25/val.lst
  TRAIN_SET: list/visorando25/train.lst
DATA_NAME: 
DEBUG:
  DEBUG: False
  SAVE_BATCH_IMAGES_GT: False
  SAVE_BATCH_IMAGES_PRED: False
  SAVE_HEATMAPS_GT: False
  SAVE_HEATMAPS_PRED: False
GPUS: (0,)
IN_DATA: 
LOG_DIR: log
LOG_FILE_NAME: 
LOSS:
  ALPHA: 0.5
  BALANCE_WEIGHTS: [1]
  BETA: 0.5
  GAMMA: 0.5
  LBD: 0.002
  TYPE: dice
MODEL:
  ALIGN_CORNERS: True
  EXTRA:
    FINAL_CONV_KERNEL: 1
    STAGE1:
      BLOCK: BOTTLENECK
      FUSE_METHOD: SUM
      NUM_BLOCKS: [4]
      NUM_BRANCHES: 1
      NUM_CHANNELS: [64]
      NUM_MODULES: 1
    STAGE2:
      BLOCK: BASIC
      FUSE_METHOD: SUM
      NUM_BLOCKS: [4, 4]
      NUM_BRANCHES: 2
      NUM_CHANNELS: [48, 96]
      NUM_MODULES: 1
    STAGE3:
      BLOCK: BASIC
      FUSE_METHOD: SUM
      NUM_BLOCKS: [4, 4, 4]
      NUM_BRANCHES: 3
      NUM_CHANNELS: [48, 96, 192]
      NUM_MODULES: 4
    STAGE4:
      BLOCK: BASIC
      FUSE_METHOD: SUM
      NUM_BLOCKS: [4, 4, 4, 4]
      NUM_BRANCHES: 4
      NUM_CHANNELS: [48, 96, 192, 384]
      NUM_MODULES: 3
  NAME: seg_hrnet
  NUM_OUTPUTS: 1
  OCR:
    DROPOUT: 0.05
    KEY_CHANNELS: 256
    MID_CHANNELS: 512
    SCALE: 1
  PRETRAINED: 
MODEL_CONFIG: 
MODEL_STATES: []
OUTPUT_DIR: output/visorando
OUT_DATA: 
PIN_MEMORY: True
PRINT_FREQ: 10
RANK: 0
TEST:
  BASE_SIZE: 320
  BATCH_SIZE_PER_GPU: 32
  FLIP_TEST: True
  IMAGE_SIZE: [320, 320]
  MODEL_FILE: 
  MULTI_SCALE: True
  NUM_SAMPLES: None
  OUTPUT_INDEX: -1
  SCALE_LIST: [1]
TRAIN:
  BASE_SIZE: 320
  BATCH_SIZE_PER_GPU: 32
  BEGIN_EPOCH: 0
  DOWNSAMPLERATE: 1
  END_EPOCH: 40
  EXTRA_EPOCH: 0
  EXTRA_LR: 0.001
  FLIP: True
  FREEZE_EPOCHS: -1
  FREEZE_LAYERS: 
  IGNORE_LABEL: -1
  IMAGE_SIZE: [320, 320]
  LR: 0.0005
  LR_FACTOR: 0.1
  LR_STEP: [90, 110]
  MOMENTUM: 0.9
  MULTI_SCALE: True
  NESTEROV: False
  NONBACKBONE_KEYWORDS: []
  NONBACKBONE_MULT: 10
  NUM_SAMPLES: 0
  OPTIMIZER: sgd
  RANDOM_BRIGHTNESS: False
  RANDOM_BRIGHTNESS_SHIFT_VALUE: 10
  RESUME: output/visorando/Visorando/pxs25_dice_bs32_lr0005_epch30/
  SCALE_FACTOR: 16
  SHUFFLE: True
  WD: 0.0005
WORKERS: 8

 extra :  FINAL_CONV_KERNEL: 1
STAGE1:
  BLOCK: BOTTLENECK
  FUSE_METHOD: SUM
  NUM_BLOCKS: [4]
  NUM_BRANCHES: 1
  NUM_CHANNELS: [64]
  NUM_MODULES: 1
STAGE2:
  BLOCK: BASIC
  FUSE_METHOD: SUM
  NUM_BLOCKS: [4, 4]
  NUM_BRANCHES: 2
  NUM_CHANNELS: [48, 96]
  NUM_MODULES: 1
STAGE3:
  BLOCK: BASIC
  FUSE_METHOD: SUM
  NUM_BLOCKS: [4, 4, 4]
  NUM_BRANCHES: 3
  NUM_CHANNELS: [48, 96, 192]
  NUM_MODULES: 4
STAGE4:
  BLOCK: BASIC
  FUSE_METHOD: SUM
  NUM_BLOCKS: [4, 4, 4, 4]
  NUM_BRANCHES: 4
  NUM_CHANNELS: [48, 96, 192, 384]
  NUM_MODULES: 3
=> init weights from normal distribution
